
> ecommerce-dec-build-sanity-appsdk-clerk@0.1.0 build C:\Users\Mohamed Ali Jardak\.gemini\antigravity\scratch\ecommerce-ai
> next build

node.exe :  ÔÜá Warning: Next.js inferred your 
workspace root, but it may not be correct.
Au caractère C:\Users\Mohamed Ali 
Jardak\AppData\Roaming\npm\pnpm.ps1:24 : 5
+     & "node$exe"  
"$basedir/node_modules/pnpm/bin/pnpm.cjs" $args
+     ~~~~~~~~~~~~~~~~~~~~~~~~~~~~~~~~~~~~~~~~~~~
~~~~~~~~~~~~~~~~~~
    + CategoryInfo          : NotSpecified: ( ÔÜ 
   á Warning: N...not be correct.:String) [], R  
  emoteException
    + FullyQualifiedErrorId : NativeCommandError
 
 We detected multiple lockfiles and selected the 
directory of C:\Users\Mohamed Ali 
Jardak\package-lock.json as the root directory.
 To silence this warning, set `turbopack.root` 
in your Next.js config, or consider removing one 
of the lockfiles if it's not needed.
   See https://nextjs.org/docs/app/api-reference/
config/next-config-js/turbopack#root-directory 
for more information.
 Detected additional lockfiles: 
   * C:\Users\Mohamed Ali Jardak\.gemini\antigrav
ity\scratch\ecommerce-ai\pnpm-lock.yaml

   Ôû▓ Next.js 16.0.7 (Turbopack)
   - Environments: .env.local

   Creating an optimized production build ...
 Ô£ô Compiled successfully in 108s
   Running TypeScript ...
   Collecting page data using 7 workers ...
   Generating static pages using 7 workers (0/18) ...
   Generating static pages using 7 workers (4/18) 
   Generating static pages using 7 workers (8/18) 
   Generating static pages using 7 workers (13/18) 
 Ô£ô Generating static pages using 7 workers (18/18) in 13.9s
   Finalizing page optimization ...

Route (app)
Ôöî Ôùï /
Ôö£ Ôùï /_not-found
Ôö£ Ôùï /admin
Ôö£ Ôùï /admin/inventory
Ôö£ ãÆ /admin/inventory/[id]
Ôö£ Ôùï /admin/orders
Ôö£ ãÆ /admin/orders/[id]
Ôö£ Ôùï /admin/reviews
Ôö£ ãÆ /api/admin/insights
Ôö£ ãÆ /api/chat
Ôö£ ãÆ /api/webhooks/stripe
Ôö£ Ôùï /brands
Ôö£ Ôùï /categories
Ôö£ Ôùï /checkout
Ôö£ ãÆ /checkout/success
Ôö£ ãÆ /orders
Ôö£ ãÆ /orders/[id]
Ôö£ Ôùï /packs
Ôö£ ãÆ /packs/[slug]
Ôö£ ãÆ /products/[slug]
Ôö£ ãÆ /shop
Ôöö Ôùï /studio/[[...tool]]


ãÆ Proxy (Middleware)

Ôùï  (Static)   prerendered as static content
ãÆ  (Dynamic)  server-rendered on demand

